usuario@D00200023-DBE12:~/Robotica_g7/Robotica_g7_25-26/actividad4$ ls
bin  cmake-build-debug  CMakeCache.txt  CMakeFiles  cmake_install.cmake  CMakeLists.txt  DoxyFile  etc  generated  localiser.cdsl  Makefile  mnist_detector  README.md  src  subcognitive.py  sub.toml  Testing
usuario@D00200023-DBE12:~/Robotica_g7/Robotica_g7_25-26/actividad4$ cd mnist_detector/
usuario@D00200023-DBE12:~/Robotica_g7/Robotica_g7_25-26/actividad4/mnist_detector$ ls
CMakeLists.txt  DoxyFile  etc  generated  mnist-detector.cdsl  README.md  src
usuario@D00200023-DBE12:~/Robotica_g7/Robotica_g7_25-26/actividad4/mnist_detector$ nano mnist-detector.cdsl 
usuario@D00200023-DBE12:~/Robotica_g7/Robotica_g7_25-26/actividad4/mnist_detector$ robocompdsl mnist-detector.cdsl .
Creating ./src
(already existed)
Creating ./etc
(already existed)
Creating ./generated
(already existed)
ğŸ‘ Generating ./CMakeLists.txt
ğŸ‘ Generating ./DoxyFile
ğŸ‘  Not overwriting specific file "./README.md", saving it to ./README.md.new
ğŸ‘ Generating ./README.md.new
ğŸ‘  Not overwriting specific file "./etc/config", saving it to ./etc/config.new
ğŸ‘ Generating ./etc/config.new
ğŸ‘ Generating ./generated/MNIST.py
ğŸ‘ Generating ./generated/genericworker.py
ğŸ‘  Not overwriting specific file "./src/specificworker.py", saving it to ./src/specificworker.py.new
ğŸ‘ Generating ./src/specificworker.py.new
ğŸ‘ Generating ./generated/interfaces.py
ğŸ‘ Generating ./src/CMakeLists.txt
ğŸ‘ Generating ./generated/mnistI.py (servant for MNIST)
[18:18:56] Executing diff tool for existing files. Close if no change is needed.                                                                                                               filesgenerator.py:113
           Binary equal files /home/usuario/Robotica_g7/Robotica_g7_25-26/actividad4/mnist_detector/README.md and                                                                              filesgenerator.py:130
           /home/usuario/Robotica_g7/Robotica_g7_25-26/actividad4/mnist_detector/README.md.new                                                                                                                      
           [                                                                                                                                                                                   filesgenerator.py:116
               'meld',                                                                                                                                                                                              
               '/home/usuario/Robotica_g7/Robotica_g7_25-26/actividad4/mnist_detector/etc/config',                                                                                                                  
               '/home/usuario/Robotica_g7/Robotica_g7_25-26/actividad4/mnist_detector/etc/config.new'                                                                                                               
           ]                                                                                                                                                                                                        
[18:19:04] [                                                                                                                                                                                   filesgenerator.py:116
               'meld',                                                                                                                                                                                              
               '/home/usuario/Robotica_g7/Robotica_g7_25-26/actividad4/mnist_detector/src/specificworker.py',                                                                                                       
               '/home/usuario/Robotica_g7/Robotica_g7_25-26/actividad4/mnist_detector/src/specificworker.py.new'                                                                                                    
           ]                                                                                                                                                                                                        
usuario@D00200023-DBE12:~/Robotica_g7/Robotica_g7_25-26/actividad4/mnist_detector$ git add .
usuario@D00200023-DBE12:~/Robotica_g7/Robotica_g7_25-26/actividad4/mnist_detector$ make
make: *** No se especificÃ³ ningÃºn objetivo y no se encontrÃ³ ningÃºn makefile.  Alto.
usuario@D00200023-DBE12:~/Robotica_g7/Robotica_g7_25-26/actividad4/mnist_detector$ cmake .
-- The C compiler identification is GNU 13.3.0
-- The CXX compiler identification is GNU 13.3.0
-- Detecting C compiler ABI info
-- Detecting C compiler ABI info - done
-- Check for working C compiler: /usr/bin/cc - skipped
-- Detecting C compile features
-- Detecting C compile features - done
-- Detecting CXX compiler ABI info
-- Detecting CXX compiler ABI info - done
-- Check for working CXX compiler: /usr/bin/c++ - skipped
-- Detecting CXX compile features
-- Detecting CXX compile features - done
-- Generating ICE files in directory: /home/usuario/Robotica_g7/Robotica_g7_25-26/actividad4/mnist_detector/generated
-- Adding rule to generate /home/usuario/Robotica_g7/Robotica_g7_25-26/actividad4/mnist_detector/generated/Camera360RGB.ice from /home/usuario/robocomp/interfaces/IDSLs/Camera360RGB.idsl
-- Adding rule to generate /home/usuario/Robotica_g7/Robotica_g7_25-26/actividad4/mnist_detector/generated/Camera360RGB.ice from /home/usuario/robocomp/interfaces/IDSLs/Camera360RGB.idsl
-- Adding rule to generate /home/usuario/Robotica_g7/Robotica_g7_25-26/actividad4/mnist_detector/generated/MNIST.ice from /home/usuario/robocomp/interfaces/IDSLs/MNIST.idsl
-- Adding rule to generate /home/usuario/Robotica_g7/Robotica_g7_25-26/actividad4/mnist_detector/generated/MNIST.ice from /home/usuario/robocomp/interfaces/IDSLs/MNIST.idsl
-- Configuring done (0.5s)
-- Generating done (0.0s)
-- Build files have been written to: /home/usuario/Robotica_g7/Robotica_g7_25-26/actividad4/mnist_detector
usuario@D00200023-DBE12:~/Robotica_g7/Robotica_g7_25-26/actividad4/mnist_detector$ make
[ 33%] Generating /home/usuario/Robotica_g7/Robotica_g7_25-26/actividad4/mnist_detector/generated/MNIST.ice from /home/usuario/robocomp/interfaces/IDSLs/MNIST.idsl
ğŸ‘ Generating /home/usuario/Robotica_g7/Robotica_g7_25-26/actividad4/mnist_detector/generated/MNIST.ice
[ 33%] Built target ICE_MNIST_target
[ 66%] Generating /home/usuario/Robotica_g7/Robotica_g7_25-26/actividad4/mnist_detector/generated/Camera360RGB.ice from /home/usuario/robocomp/interfaces/IDSLs/Camera360RGB.idsl
ğŸ‘ Generating /home/usuario/Robotica_g7/Robotica_g7_25-26/actividad4/mnist_detector/generated/Camera360RGB.ice
[ 66%] Built target ICE_Camera360RGB_target
[ 66%] Built target ICES__home_usuario_Robotica_g7_Robotica_g7_25-26_actividad4_mnist_detector
[100%] Creando enlace simbÃ³lico en bin/
[100%] Built target create_symlink
usuario@D00200023-DBE12:~/Robotica_g7/Robotica_g7_25-26/actividad4/mnist_detector$ nano etc/config
usuario@D00200023-DBE12:~/Robotica_g7/Robotica_g7_25-26/actividad4/mnist_detector$ bin/MNIST etc/config
Traceback (most recent call last):
  File "/home/usuario/Robotica_g7/Robotica_g7_25-26/actividad4/mnist_detector/bin/MNIST", line 84, in <module>
    from src.specificworker import *
  File "/home/usuario/Robotica_g7/Robotica_g7_25-26/actividad4/mnist_detector/src/specificworker.py", line 30, in <module>
    import cv2
ModuleNotFoundError: No module named 'cv2'
usuario@D00200023-DBE12:~/Robotica_g7/Robotica_g7_25-26/actividad4/mnist_detector$ pip install opencv-python
WARNING: Skipping /usr/lib/python3.12/dist-packages/pybind11-2.11.1.dist-info due to invalid metadata entry 'name'
Collecting opencv-python
  Downloading opencv_python-4.12.0.88-cp37-abi3-manylinux2014_x86_64.manylinux_2_17_x86_64.whl.metadata (19 kB)
Collecting numpy<2.3.0,>=2 (from opencv-python)
  Downloading numpy-2.2.6-cp312-cp312-manylinux_2_17_x86_64.manylinux2014_x86_64.whl.metadata (62 kB)
     â”â”â”â”â”â”â”â”â”â”â”â”â”â”â”â”â”â”â”â”â”â”â”â”â”â”â”â”â”â”â”â”â”â”â”â”â”â”â”â” 62.0/62.0 kB 1.4 MB/s eta 0:00:00
Downloading opencv_python-4.12.0.88-cp37-abi3-manylinux2014_x86_64.manylinux_2_17_x86_64.whl (67.0 MB)
   â”â”â”â”â”â”â”â”â”â”â”â”â”â”â”â”â”â”â”â”â”â”â”â”â”â”â”â”â”â”â”â”â”â”â”â”â”â”â”â” 67.0/67.0 MB 10.6 MB/s eta 0:00:00
Downloading numpy-2.2.6-cp312-cp312-manylinux_2_17_x86_64.manylinux2014_x86_64.whl (16.5 MB)
   â”â”â”â”â”â”â”â”â”â”â”â”â”â”â”â”â”â”â”â”â”â”â”â”â”â”â”â”â”â”â”â”â”â”â”â”â”â”â”â” 16.5/16.5 MB 10.9 MB/s eta 0:00:00
WARNING: Skipping /usr/lib/python3.12/dist-packages/pybind11-2.11.1.dist-info due to invalid metadata entry 'name'
Installing collected packages: numpy, opencv-python
  Attempting uninstall: numpy
    Found existing installation: numpy 1.26.4
    Not uninstalling numpy at /usr/lib/python3/dist-packages, outside environment /home/usuario/software/pip_venv
    Can't uninstall 'numpy'. No files were found to uninstall.
Successfully installed numpy-2.2.6 opencv-python-4.12.0.88
usuario@D00200023-DBE12:~/Robotica_g7/Robotica_g7_25-26/actividad4/mnist_detector$ pip install numpy
WARNING: Skipping /usr/lib/python3.12/dist-packages/pybind11-2.11.1.dist-info due to invalid metadata entry 'name'
Requirement already satisfied: numpy in /home/usuario/software/pip_venv/lib/python3.12/site-packages (2.2.6)
WARNING: Skipping /usr/lib/python3.12/dist-packages/pybind11-2.11.1.dist-info due to invalid metadata entry 'name'
usuario@D00200023-DBE12:~/Robotica_g7/Robotica_g7_25-26/actividad4/mnist_detector$ pip install numpy
WARNING: Skipping /usr/lib/python3.12/dist-packages/pybind11-2.11.1.dist-info due to invalid metadata entry 'name'
Requirement already satisfied: numpy in /home/usuario/software/pip_venv/lib/python3.12/site-packages (2.2.6)
WARNING: Skipping /usr/lib/python3.12/dist-packages/pybind11-2.11.1.dist-info due to invalid metadata entry 'name'
usuario@D00200023-DBE12:~/Robotica_g7/Robotica_g7_25-26/actividad4/mnist_detector$ bin/MNIST etc/config
Traceback (most recent call last):
  File "/home/usuario/Robotica_g7/Robotica_g7_25-26/actividad4/mnist_detector/bin/MNIST", line 84, in <module>
    from src.specificworker import *
  File "/home/usuario/Robotica_g7/Robotica_g7_25-26/actividad4/mnist_detector/src/specificworker.py", line 31, in <module>
    import torch
ModuleNotFoundError: No module named 'torch'
usuario@D00200023-DBE12:~/Robotica_g7/Robotica_g7_25-26/actividad4/mnist_detector$ pip install torch
WARNING: Skipping /usr/lib/python3.12/dist-packages/pybind11-2.11.1.dist-info due to invalid metadata entry 'name'
Collecting torch
  Downloading torch-2.9.1-cp312-cp312-manylinux_2_28_x86_64.whl.metadata (30 kB)
Requirement already satisfied: filelock in /usr/lib/python3/dist-packages (from torch) (3.13.1)
Requirement already satisfied: typing-extensions>=4.10.0 in /usr/lib/python3/dist-packages (from torch) (4.10.0)
Requirement already satisfied: setuptools in /usr/lib/python3/dist-packages (from torch) (68.1.2)
Collecting sympy>=1.13.3 (from torch)
  Downloading sympy-1.14.0-py3-none-any.whl.metadata (12 kB)
Collecting networkx>=2.5.1 (from torch)
  Downloading networkx-3.6.1-py3-none-any.whl.metadata (6.8 kB)
Requirement already satisfied: jinja2 in /usr/lib/python3/dist-packages (from torch) (3.1.2)
Collecting fsspec>=0.8.5 (from torch)
  Downloading fsspec-2025.12.0-py3-none-any.whl.metadata (10 kB)
Collecting nvidia-cuda-nvrtc-cu12==12.8.93 (from torch)
  Downloading nvidia_cuda_nvrtc_cu12-12.8.93-py3-none-manylinux2010_x86_64.manylinux_2_12_x86_64.whl.metadata (1.7 kB)
Collecting nvidia-cuda-runtime-cu12==12.8.90 (from torch)
  Downloading nvidia_cuda_runtime_cu12-12.8.90-py3-none-manylinux2014_x86_64.manylinux_2_17_x86_64.whl.metadata (1.7 kB)
Collecting nvidia-cuda-cupti-cu12==12.8.90 (from torch)
  Downloading nvidia_cuda_cupti_cu12-12.8.90-py3-none-manylinux2014_x86_64.manylinux_2_17_x86_64.whl.metadata (1.7 kB)
Collecting nvidia-cudnn-cu12==9.10.2.21 (from torch)
  Downloading nvidia_cudnn_cu12-9.10.2.21-py3-none-manylinux_2_27_x86_64.whl.metadata (1.8 kB)
Collecting nvidia-cublas-cu12==12.8.4.1 (from torch)
  Downloading nvidia_cublas_cu12-12.8.4.1-py3-none-manylinux_2_27_x86_64.whl.metadata (1.7 kB)
Collecting nvidia-cufft-cu12==11.3.3.83 (from torch)
  Downloading nvidia_cufft_cu12-11.3.3.83-py3-none-manylinux2014_x86_64.manylinux_2_17_x86_64.whl.metadata (1.7 kB)
Collecting nvidia-curand-cu12==10.3.9.90 (from torch)
  Downloading nvidia_curand_cu12-10.3.9.90-py3-none-manylinux_2_27_x86_64.whl.metadata (1.7 kB)
Collecting nvidia-cusolver-cu12==11.7.3.90 (from torch)
  Downloading nvidia_cusolver_cu12-11.7.3.90-py3-none-manylinux_2_27_x86_64.whl.metadata (1.8 kB)
Collecting nvidia-cusparse-cu12==12.5.8.93 (from torch)
  Downloading nvidia_cusparse_cu12-12.5.8.93-py3-none-manylinux2014_x86_64.manylinux_2_17_x86_64.whl.metadata (1.8 kB)
Collecting nvidia-cusparselt-cu12==0.7.1 (from torch)
  Downloading nvidia_cusparselt_cu12-0.7.1-py3-none-manylinux2014_x86_64.whl.metadata (7.0 kB)
Collecting nvidia-nccl-cu12==2.27.5 (from torch)
  Downloading nvidia_nccl_cu12-2.27.5-py3-none-manylinux2014_x86_64.manylinux_2_17_x86_64.whl.metadata (2.0 kB)
Collecting nvidia-nvshmem-cu12==3.3.20 (from torch)
  Downloading nvidia_nvshmem_cu12-3.3.20-py3-none-manylinux2014_x86_64.manylinux_2_17_x86_64.whl.metadata (2.1 kB)
Collecting nvidia-nvtx-cu12==12.8.90 (from torch)
  Downloading nvidia_nvtx_cu12-12.8.90-py3-none-manylinux2014_x86_64.manylinux_2_17_x86_64.whl.metadata (1.8 kB)
Collecting nvidia-nvjitlink-cu12==12.8.93 (from torch)
  Downloading nvidia_nvjitlink_cu12-12.8.93-py3-none-manylinux2010_x86_64.manylinux_2_12_x86_64.whl.metadata (1.7 kB)
Collecting nvidia-cufile-cu12==1.13.1.3 (from torch)
  Downloading nvidia_cufile_cu12-1.13.1.3-py3-none-manylinux2014_x86_64.manylinux_2_17_x86_64.whl.metadata (1.7 kB)
Collecting triton==3.5.1 (from torch)
  Downloading triton-3.5.1-cp312-cp312-manylinux_2_27_x86_64.manylinux_2_28_x86_64.whl.metadata (1.7 kB)
Collecting mpmath<1.4,>=1.1.0 (from sympy>=1.13.3->torch)
  Downloading mpmath-1.3.0-py3-none-any.whl.metadata (8.6 kB)
Downloading torch-2.9.1-cp312-cp312-manylinux_2_28_x86_64.whl (899.7 MB)
   â”â”â”â”â”â”â”â”â”â”â”â”â”â”â”â”â”â”â”â”â”â”â”â”â”â”â”â”â”â”â”â”â”â”â”â”â”â”â”â” 899.7/899.7 MB 7.1 MB/s eta 0:00:00
Downloading nvidia_cublas_cu12-12.8.4.1-py3-none-manylinux_2_27_x86_64.whl (594.3 MB)
   â”â”â”â”â”â”â”â”â”â”â”â”â”â”â”â”â”â”â”â”â”â”â”â”â”â”â”â”â”â”â”â”â”â”â”â”â”â”â”â” 594.3/594.3 MB 7.8 MB/s eta 0:00:00
Downloading nvidia_cuda_cupti_cu12-12.8.90-py3-none-manylinux2014_x86_64.manylinux_2_17_x86_64.whl (10.2 MB)
   â”â”â”â”â”â”â”â”â”â”â”â”â”â”â”â”â”â”â”â”â”â”â”â”â”â”â”â”â”â”â”â”â”â”â”â”â”â”â”â” 10.2/10.2 MB 11.2 MB/s eta 0:00:00
Downloading nvidia_cuda_nvrtc_cu12-12.8.93-py3-none-manylinux2010_x86_64.manylinux_2_12_x86_64.whl (88.0 MB)
   â”â”â”â”â”â”â”â”â”â”â”â”â”â”â”â”â”â”â”â”â”â”â”â”â”â”â”â”â”â”â”â”â”â”â”â”â”â”â”â” 88.0/88.0 MB 9.2 MB/s eta 0:00:00
Downloading nvidia_cuda_runtime_cu12-12.8.90-py3-none-manylinux2014_x86_64.manylinux_2_17_x86_64.whl (954 kB)
   â”â”â”â”â”â”â”â”â”â”â”â”â”â”â”â”â”â”â”â”â”â”â”â”â”â”â”â”â”â”â”â”â”â”â”â”â”â”â”â” 954.8/954.8 kB 8.9 MB/s eta 0:00:00
Downloading nvidia_cudnn_cu12-9.10.2.21-py3-none-manylinux_2_27_x86_64.whl (706.8 MB)
   â”â”â”â”â”â”â”â”â”â”â”â”â”â”â”â”â”â”â”â”â”â”â”â”â”â”â”â”â”â”â”â”â”â”â”â”â”â”â”â” 706.8/706.8 MB 7.4 MB/s eta 0:00:00
Downloading nvidia_cufft_cu12-11.3.3.83-py3-none-manylinux2014_x86_64.manylinux_2_17_x86_64.whl (193.1 MB)
   â”â”â”â”â”â”â”â”â”â”â”â”â”â”â”â”â”â”â”â”â”â”â”â”â”â”â”â”â”â”â”â”â”â”â”â”â”â”â”â” 193.1/193.1 MB 9.9 MB/s eta 0:00:00
Downloading nvidia_cufile_cu12-1.13.1.3-py3-none-manylinux2014_x86_64.manylinux_2_17_x86_64.whl (1.2 MB)
   â”â”â”â”â”â”â”â”â”â”â”â”â”â”â”â”â”â”â”â”â”â”â”â”â”â”â”â”â”â”â”â”â”â”â”â”â”â”â”â” 1.2/1.2 MB 8.9 MB/s eta 0:00:00
Downloading nvidia_curand_cu12-10.3.9.90-py3-none-manylinux_2_27_x86_64.whl (63.6 MB)
   â”â”â”â”â”â”â”â”â”â”â”â”â”â”â”â”â”â”â”â”â”â”â”â”â”â”â”â”â”â”â”â”â”â”â”â”â”â”â”â” 63.6/63.6 MB 10.5 MB/s eta 0:00:00
Downloading nvidia_cusolver_cu12-11.7.3.90-py3-none-manylinux_2_27_x86_64.whl (267.5 MB)
   â”â”â”â”â”â”â”â”â”â”â”â”â”â”â”â”â”â”â”â”â”â”â”â”â”â”â”â”â”â”â”â”â”â”â”â”â”â”â”â” 267.5/267.5 MB 9.4 MB/s eta 0:00:00
Downloading nvidia_cusparse_cu12-12.5.8.93-py3-none-manylinux2014_x86_64.manylinux_2_17_x86_64.whl (288.2 MB)
   â”â”â”â”â”â”â”â”â”â”â”â”â”â”â”â”â”â”â”â”â”â”â”â”â”â”â”â”â”â”â”â”â”â”â”â”â”â”â”â” 288.2/288.2 MB 9.2 MB/s eta 0:00:00
Downloading nvidia_cusparselt_cu12-0.7.1-py3-none-manylinux2014_x86_64.whl (287.2 MB)
   â”â”â”â”â”â”â”â”â”â”â”â”â”â”â”â”â”â”â”â”â”â”â”â”â”â”â”â”â”â”â”â”â”â”â”â”â”â”â”â” 287.2/287.2 MB 9.5 MB/s eta 0:00:00
Downloading nvidia_nccl_cu12-2.27.5-py3-none-manylinux2014_x86_64.manylinux_2_17_x86_64.whl (322.3 MB)
   â”â”â”â”â”â”â”â”â”â”â”â”â”â”â”â”â”â”â”â”â”â”â”â”â”â”â”â”â”â”â”â”â”â”â”â”â”â”â”â” 322.3/322.3 MB 8.2 MB/s eta 0:00:00
Downloading nvidia_nvjitlink_cu12-12.8.93-py3-none-manylinux2010_x86_64.manylinux_2_12_x86_64.whl (39.3 MB)
   â”â”â”â”â”â”â”â”â”â”â”â”â”â”â”â”â”â”â”â”â”â”â”â”â”â”â”â”â”â”â”â”â”â”â”â”â”â”â”â” 39.3/39.3 MB 10.8 MB/s eta 0:00:00
Downloading nvidia_nvshmem_cu12-3.3.20-py3-none-manylinux2014_x86_64.manylinux_2_17_x86_64.whl (124.7 MB)
   â”â”â”â”â”â”â”â”â”â”â”â”â”â”â”â”â”â”â”â”â”â”â”â”â”â”â”â”â”â”â”â”â”â”â”â”â”â”â”â” 124.7/124.7 MB 10.2 MB/s eta 0:00:00
Downloading nvidia_nvtx_cu12-12.8.90-py3-none-manylinux2014_x86_64.manylinux_2_17_x86_64.whl (89 kB)
   â”â”â”â”â”â”â”â”â”â”â”â”â”â”â”â”â”â”â”â”â”â”â”â”â”â”â”â”â”â”â”â”â”â”â”â”â”â”â”â” 90.0/90.0 kB 2.7 MB/s eta 0:00:00
Downloading triton-3.5.1-cp312-cp312-manylinux_2_27_x86_64.manylinux_2_28_x86_64.whl (170.5 MB)
   â”â”â”â”â”â”â”â”â”â”â”â”â”â”â”â”â”â”â”â”â”â”â”â”â”â”â”â”â”â”â”â”â”â”â”â”â”â”â”â” 170.5/170.5 MB 10.0 MB/s eta 0:00:00
Downloading fsspec-2025.12.0-py3-none-any.whl (201 kB)
   â”â”â”â”â”â”â”â”â”â”â”â”â”â”â”â”â”â”â”â”â”â”â”â”â”â”â”â”â”â”â”â”â”â”â”â”â”â”â”â” 201.4/201.4 kB 5.1 MB/s eta 0:00:00
Downloading networkx-3.6.1-py3-none-any.whl (2.1 MB)
   â”â”â”â”â”â”â”â”â”â”â”â”â”â”â”â”â”â”â”â”â”â”â”â”â”â”â”â”â”â”â”â”â”â”â”â”â”â”â”â” 2.1/2.1 MB 10.0 MB/s eta 0:00:00
Downloading sympy-1.14.0-py3-none-any.whl (6.3 MB)
   â”â”â”â”â”â”â”â”â”â”â”â”â”â”â”â”â”â”â”â”â”â”â”â”â”â”â”â”â”â”â”â”â”â”â”â”â”â”â”â” 6.3/6.3 MB 7.6 MB/s eta 0:00:00
Downloading mpmath-1.3.0-py3-none-any.whl (536 kB)
   â”â”â”â”â”â”â”â”â”â”â”â”â”â”â”â”â”â”â”â”â”â”â”â”â”â”â”â”â”â”â”â”â”â”â”â”â”â”â”â” 536.2/536.2 kB 6.7 MB/s eta 0:00:00
WARNING: Skipping /usr/lib/python3.12/dist-packages/pybind11-2.11.1.dist-info due to invalid metadata entry 'name'
Installing collected packages: nvidia-cusparselt-cu12, mpmath, triton, sympy, nvidia-nvtx-cu12, nvidia-nvshmem-cu12, nvidia-nvjitlink-cu12, nvidia-nccl-cu12, nvidia-curand-cu12, nvidia-cufile-cu12, nvidia-cuda-runtime-cu12, nvidia-cuda-nvrtc-cu12, nvidia-cuda-cupti-cu12, nvidia-cublas-cu12, networkx, fsspec, nvidia-cusparse-cu12, nvidia-cufft-cu12, nvidia-cudnn-cu12, nvidia-cusolver-cu12, torch
Successfully installed fsspec-2025.12.0 mpmath-1.3.0 networkx-3.6.1 nvidia-cublas-cu12-12.8.4.1 nvidia-cuda-cupti-cu12-12.8.90 nvidia-cuda-nvrtc-cu12-12.8.93 nvidia-cuda-runtime-cu12-12.8.90 nvidia-cudnn-cu12-9.10.2.21 nvidia-cufft-cu12-11.3.3.83 nvidia-cufile-cu12-1.13.1.3 nvidia-curand-cu12-10.3.9.90 nvidia-cusolver-cu12-11.7.3.90 nvidia-cusparse-cu12-12.5.8.93 nvidia-cusparselt-cu12-0.7.1 nvidia-nccl-cu12-2.27.5 nvidia-nvjitlink-cu12-12.8.93 nvidia-nvshmem-cu12-3.3.20 nvidia-nvtx-cu12-12.8.90 sympy-1.14.0 torch-2.9.1 triton-3.5.1
usuario@D00200023-DBE12:~/Robotica_g7/Robotica_g7_25-26/actividad4/mnist_detector$ bin/MNIST etc/config
Connecting to Camera360RGB...
Camera specs:
 width: 1920
 height: 960
 focalx 24269
 focaly 2088431920
 period 30.958234786987305
 ratio 2.00
Connected to Camera360RGB
[18:30:01] MNIST adapter created in port tcp -p 10111                                                                                                                                              interfaces.py:127


